
> alliva-universal@0.1.0 build
> next build

   Γû▓ Next.js 16.0.1 (Turbopack)
   - Environments: .env.local

   Creating an optimized production build ...
 Γ£ô Compiled successfully in 21.4s
   Running TypeScript ...
   Collecting page data ...
   Generating static pages (0/30) ...
   Generating static pages (7/30) 
   Generating static pages (14/30) 
   Generating static pages (22/30) 
 Γ£ô Generating static pages (30/30) in 2.3s
   Finalizing page optimization ...

Route (app)
Γöî Γùï /
Γö£ Γùï /_not-found
Γö£ Γùï /403
Γö£ Γùï /accommodation-request
Γö£ Γùï /admin
Γö£ Γùï /admin/dashboard
Γö£ Γùï /admin/login
Γö£ Γùï /blindness
Γö£ Γùï /blog
Γö£ Γùï /courses
Γö£ Γùï /dashboard
Γö£ Γùï /deafness
Γö£ Γùï /deafness/live-sign
Γö£ Γùï /donate
Γö£ Γùï /forgot-password
Γö£ Γùï /live-sign
Γö£ Γùï /login
Γö£ Γùï /messages
Γö£ Γùï /mutism
Γö£ Γùï /mutism/live-sign
Γö£ Γùï /professor
Γö£ Γùï /professor/dashboard
Γö£ Γùï /professor/login
Γö£ Γùï /profile
Γö£ Γùï /resources
Γö£ Γùï /services
Γö£ Γùï /signin-google
Γöö Γùï /signup


Γùï  (Static)  prerendered as static content

